INFO:     Will watch for changes in these directories: ['/workspace/project/astrology-backend']
INFO:     Uvicorn running on http://127.0.0.1:8000 (Press CTRL+C to quit)
INFO:     Started reloader process [5995] using StatReload
INFO:     Started server process [5997]
INFO:     Waiting for application startup.
INFO:     Application startup complete.
✅ Таблицы аутентификации созданы успешно
2026-03-25 21:01:44,199 INFO sqlalchemy.engine.Engine BEGIN (implicit)
2026-03-25 21:01:44,201 INFO sqlalchemy.engine.Engine SELECT auth_users.id, auth_users.email, auth_users.password, auth_users.name, auth_users.created_at, auth_users.updated_at 
FROM auth_users 
WHERE auth_users.email = ?
2026-03-25 21:01:44,201 INFO sqlalchemy.engine.Engine [generated in 0.00017s] ('test@example.com',)
2026-03-25 21:01:44,208 INFO sqlalchemy.engine.Engine INSERT INTO auth_users (email, password, name, created_at, updated_at) VALUES (?, ?, ?, ?, ?)
2026-03-25 21:01:44,208 INFO sqlalchemy.engine.Engine [generated in 0.00017s] ('test@example.com', '$pbkdf2-sha256$29000$RkhpTWmNsZaytnYuhXDO2Q$YXcy7vGeFdarSqqDLx7vtVM3nreLypbY3qPuVUljJjQ', 'Test User', '2026-03-25 21:01:44.207610', '2026-03-25 21:01:44.207610')
2026-03-25 21:01:44,209 INFO sqlalchemy.engine.Engine COMMIT
2026-03-25 21:01:44,213 INFO sqlalchemy.engine.Engine BEGIN (implicit)
2026-03-25 21:01:44,214 INFO sqlalchemy.engine.Engine SELECT auth_users.id, auth_users.email, auth_users.password, auth_users.name, auth_users.created_at, auth_users.updated_at 
FROM auth_users 
WHERE auth_users.id = ?
2026-03-25 21:01:44,214 INFO sqlalchemy.engine.Engine [generated in 0.00010s] (1,)
INFO:     127.0.0.1:40714 - "POST /api/auth/register HTTP/1.1" 200 OK
2026-03-25 21:01:44,216 INFO sqlalchemy.engine.Engine ROLLBACK
2026-03-25 21:01:50,414 INFO sqlalchemy.engine.Engine BEGIN (implicit)
2026-03-25 21:01:50,414 INFO sqlalchemy.engine.Engine SELECT auth_users.id, auth_users.email, auth_users.password, auth_users.name, auth_users.created_at, auth_users.updated_at 
FROM auth_users 
WHERE auth_users.email = ?
2026-03-25 21:01:50,414 INFO sqlalchemy.engine.Engine [cached since 6.213s ago] ('test@example.com',)
INFO:     127.0.0.1:52862 - "POST /api/auth/login HTTP/1.1" 200 OK
2026-03-25 21:01:50,420 INFO sqlalchemy.engine.Engine ROLLBACK
2026-03-25 21:01:58,389 INFO sqlalchemy.engine.Engine BEGIN (implicit)
2026-03-25 21:01:58,389 INFO sqlalchemy.engine.Engine SELECT auth_users.id, auth_users.email, auth_users.password, auth_users.name, auth_users.created_at, auth_users.updated_at 
FROM auth_users 
WHERE auth_users.email = ?
2026-03-25 21:01:58,389 INFO sqlalchemy.engine.Engine [cached since 14.19s ago] ('test@example.com',)
INFO:     127.0.0.1:52442 - "POST /api/auth/login HTTP/1.1" 200 OK
2026-03-25 21:01:58,395 INFO sqlalchemy.engine.Engine ROLLBACK
2026-03-25 21:01:58,412 INFO sqlalchemy.engine.Engine BEGIN (implicit)
2026-03-25 21:01:58,412 INFO sqlalchemy.engine.Engine SELECT auth_users.id, auth_users.email, auth_users.password, auth_users.name, auth_users.created_at, auth_users.updated_at 
FROM auth_users 
WHERE auth_users.email = ?
2026-03-25 21:01:58,412 INFO sqlalchemy.engine.Engine [cached since 14.21s ago] ('test@example.com',)
INFO:     127.0.0.1:52444 - "GET /api/auth/me HTTP/1.1" 200 OK
2026-03-25 21:01:58,413 INFO sqlalchemy.engine.Engine ROLLBACK
2026-03-25 21:02:04,725 INFO sqlalchemy.engine.Engine BEGIN (implicit)
2026-03-25 21:02:04,726 INFO sqlalchemy.engine.Engine SELECT auth_users.id, auth_users.email, auth_users.password, auth_users.name, auth_users.created_at, auth_users.updated_at 
FROM auth_users 
WHERE auth_users.email = ?
2026-03-25 21:02:04,726 INFO sqlalchemy.engine.Engine [cached since 20.52s ago] ('test@example.com',)
INFO:     127.0.0.1:52458 - "GET /api/dashboard HTTP/1.1" 200 OK
2026-03-25 21:02:04,727 INFO sqlalchemy.engine.Engine ROLLBACK
INFO:     127.0.0.1:54286 - "GET /api/geocode/autocomplete?q=%D0%9C%D0%BE%D1%81%D0%BA%D0%B2%D0%B0 HTTP/1.1" 200 OK
INFO:     127.0.0.1:41462 - "POST /api/auth/logout HTTP/1.1" 200 OK
